--files-from='bazel/utils/with-decorated-wrapper.files_to_copy' -avrz --progress --copy-unsafe-links --smile .. non-existant-machine-1.corp:santa-coming/__bazel_utils_hello-world/
--files-from='bazel/utils/with-decorated-wrapper.files_to_copy' -avrz --progress --copy-unsafe-links --smile .. non-existant-machine-2.corp:santa-coming/__bazel_utils_hello-world/
