--files-from=bazel/utils/with-non-run-target.files_to_copy --delete -avrz --progress --copy-unsafe-links .. /tmp/testdir/
